
> cattlenet-smartfarm@0.1.0 build
> react-scripts build

node.exe : 
(node:10824) 
[DEP0176] 
DeprecationWarning: 
fs.F_OK is 
deprecated, use 
fs.constants.F_OK 
instead
At line:1 char:1
+ & "C:\Program Files
\nodejs/node.exe" 
"C:\Program 
Files\nodejs/node_mo 
...
+ ~~~~~~~~~~~~~~~~~~~
~~~~~~~~~~~~~~~~~~~~~
~~~~~~~~~~~~~~~~~~~~~
~~~~~~~~
    + CategoryInfo   
           : 
NotSpecified: ((    
node:10824) 
[D...ts.F    _OK 
instead:String) [    
], RemoteException
    + 
FullyQualifiedError  
  Id : 
NativeCommandErr    
or
 
(Use `node 
--trace-deprecation 
...` to show where 
the warning was 
created)
Creating an optimized production build...
Compiled with warnings.

[eslint] 
src\App.js
  Line 4:94:   'RadarChart' is defined but never used                 no-unused-vars
  Line 4:106:  'PolarGrid' is defined but never used                  no-unused-vars
  Line 4:117:  'PolarAngleAxis' is defined but never used             no-unused-vars
  Line 4:133:  'PolarRadiusAxis' is defined but never used            no-unused-vars
  Line 4:150:  'Radar' is defined but never used                      no-unused-vars
  Line 146:9:  'prepareRadarData' is assigned a value but never used  no-unused-vars

Search for the keywords to learn more about each warning.
To ignore, add // eslint-disable-next-line to the line before.

File sizes after gzip:

  205.55 kB  build\static\js\main.e60c36a7.js
  6.96 kB    build\static\css\main.be4531d4.css
  1.77 kB    build\static\js\453.2eaba18c.chunk.js

The project was built assuming it is hosted at /.
You can control this with the homepage field in your package.json.

The build folder is ready to be deployed.
You may serve it with a static server:

  npm install -g serve
  serve -s build

Find out more about deployment here:

  https://cra.link/deployment

